// Jest Snapshot v1, https://goo.gl/fbAQLP

exports[`<BlockDetails /> test one block deatils 1`] = `ShallowWrapper {}`;
